if c.1 then do
  t.1
else e.1
if c.1 then do
  t.1;
  t.1
else e.1
if c.1 then do
  t.1
else do
  e.1
if let x.1 := c.1 then do
  t.1
else do
  e.1
if c.1 then do
  t.1
else
  if c.1 then do
    t.1
  else do
    e.1
do
  if c.1 then 
    t.1
  else
    e.1
do
  if c.1 then 
    t.1
  else if c.1 then
    t.1
  else
    e.1
def foo.1 := by
  Â· skip; skip
  Â· skip; skip
    skip
    (skip; skip)
    ( skip; skip
      try skip; skip
      try
        skip
        skip
      skip)
by
  try
    skip
    skip
by try
      skip
      skip
by try  skip
        skip
by  try skip
        skip
    skip
{ foo.1 := bar.1
  bar.1 := foo.1 + bar.1 }
let x.1 :=
  { foo.1 := bar.1
    bar.1 := foo.1 + bar.1 }
x.1
def foo.1 : a.1 b.1 c.1 d.1 e.1 f.1 g.1 a.1 b.1 c.1 d.1 e.1
    where
  h.1 := 42
  i.1 := 42
  j.1 := 42
  k.1 := 42
